[INFO] Scanning for projects...
[INFO]                                                                         
[INFO] ------------------------------------------------------------------------
[INFO] Building Encompass Domain 1.0-encompass-SNAPSHOT
[INFO] ------------------------------------------------------------------------
[INFO] 
[INFO] --- maven-clean-plugin:2.4.1:clean (default-clean) @ common-domain ---
[INFO] Deleting /opt/dev/NetBeansProjects/darenDev/encompass/common/domain/target
[INFO] 
[INFO] --- maven-resources-plugin:2.4.3:resources (default-resources) @ common-domain ---
[INFO] Using 'UTF-8' encoding to copy filtered resources.
[INFO] Copying 0 resource
[INFO] 
[INFO] --- maven-compiler-plugin:2.3.2:compile (default-compile) @ common-domain ---
[INFO] Compiling 19 source files to /opt/dev/NetBeansProjects/darenDev/encompass/common/domain/target/classes
[INFO] 
[INFO] --- maven-checkstyle-plugin:2.2:checkstyle (default) @ common-domain ---
[INFO] Setting property: classpath.resource.loader.class => 'org.codehaus.plexus.velocity.ContextClassLoaderResourceLoader'.
[INFO] Setting property: velocimacro.messages.on => 'false'.
[INFO] Setting property: resource.loader => 'classpath'.
[INFO] Setting property: resource.manager.logwhenfound => 'false'.
[INFO] ************************************************************** 
[INFO] Starting Jakarta Velocity v1.4
[INFO] RuntimeInstance initializing.
[INFO] Default Properties File: org/apache/velocity/runtime/defaults/velocity.properties
[INFO] Default ResourceManager initializing. (class org.apache.velocity.runtime.resource.ResourceManagerImpl)
[INFO] Resource Loader Instantiated: org.codehaus.plexus.velocity.ContextClassLoaderResourceLoader
[INFO] ClasspathResourceLoader : initialization starting.
[INFO] ClasspathResourceLoader : initialization complete.
[INFO] ResourceCache : initialized. (class org.apache.velocity.runtime.resource.ResourceCacheImpl)
[INFO] Default ResourceManager initialization complete.
[INFO] Loaded System Directive: org.apache.velocity.runtime.directive.Literal
[INFO] Loaded System Directive: org.apache.velocity.runtime.directive.Macro
[INFO] Loaded System Directive: org.apache.velocity.runtime.directive.Parse
[INFO] Loaded System Directive: org.apache.velocity.runtime.directive.Include
[INFO] Loaded System Directive: org.apache.velocity.runtime.directive.Foreach
[INFO] Created: 20 parsers.
[INFO] Velocimacro : initialization starting.
[INFO] Velocimacro : adding VMs from VM library template : VM_global_library.vm
[ERROR] ResourceManager : unable to find resource 'VM_global_library.vm' in any resource loader.
[INFO] Velocimacro : error using  VM library template VM_global_library.vm : org.apache.velocity.exception.ResourceNotFoundException: Unable to find resource 'VM_global_library.vm'
[INFO] Velocimacro :  VM library template macro registration complete.
[INFO] Velocimacro : allowInline = true : VMs can be defined inline in templates
[INFO] Velocimacro : allowInlineToOverride = false : VMs defined inline may NOT replace previous VM definitions
[INFO] Velocimacro : allowInlineLocal = false : VMs defined inline will be  global in scope if allowed.
[INFO] Velocimacro : initialization complete.
[INFO] Velocity successfully started.
[INFO] Starting audit...
Audit done.

[WARNING] Unable to locate Source XRef to link to - DISABLED
[INFO] 
[INFO] >>> maven-checkstyle-plugin:2.2:check (default) @ common-domain >>>
[INFO] 
[INFO] --- maven-checkstyle-plugin:2.2:checkstyle (checkstyle) @ common-domain ---
[INFO] Starting audit...
Audit done.

[WARNING] Unable to locate Source XRef to link to - DISABLED
[INFO] 
[INFO] <<< maven-checkstyle-plugin:2.2:check (default) @ common-domain <<<
[INFO] 
[INFO] --- maven-checkstyle-plugin:2.2:check (default) @ common-domain ---
[INFO] 
[INFO] --- maven-resources-plugin:2.4.3:testResources (default-testResources) @ common-domain ---
[INFO] Using 'UTF-8' encoding to copy filtered resources.
[INFO] Copying 0 resource
[INFO] 
[INFO] --- maven-compiler-plugin:2.3.2:testCompile (default-testCompile) @ common-domain ---
[INFO] Compiling 2 source files to /opt/dev/NetBeansProjects/darenDev/encompass/common/domain/target/test-classes

