[INFO] Scanning for projects...
[INFO] ------------------------------------------------------------------------
[INFO] Building daotester
[INFO]    task-segment: [compile]
[INFO] ------------------------------------------------------------------------
[INFO] [resources:resources {execution: default-resources}]
[WARNING] Using platform encoding (UTF-8 actually) to copy filtered resources, i.e. build is platform dependent!
[INFO] skip non existing resourceDirectory /usr/home/daren/vim/daotester/src/main/resources
[INFO] [compiler:compile {execution: default-compile}]
[INFO] Compiling 1 source file to /usr/home/daren/vim/daotester/target/classes
[INFO] ------------------------------------------------------------------------
[ERROR] BUILD FAILURE
[INFO] ------------------------------------------------------------------------
[INFO] Compilation failure

/usr/home/daren/vim/daotester/src/main/java/com/encompass/daotest/DaoTestHelper.java:[39,0] illegal start of type

/usr/home/daren/vim/daotester/src/main/java/com/encompass/daotest/DaoTestHelper.java:[39,1] ';' expected


[INFO] ------------------------------------------------------------------------
[INFO] For more information, run Maven with the -e switch
[INFO] ------------------------------------------------------------------------
[INFO] Total time: 9 seconds
[INFO] Finished at: Sat Feb 04 15:20:38 EST 2012
[INFO] Final Memory: 9M/78M
[INFO] ------------------------------------------------------------------------
